Copyright 1986-2018 Xilinx, Inc. All Rights Reserved.
-----------------------------------------------------------------------------------------------------------------------------
| Tool Version : Vivado v.2018.3 (lin64) Build 2404976 Wed Dec  5 18:13:43 MST 2018
| Date         : Thu Dec  6 04:54:25 2018
| Host         : xcosswbld09 running 64-bit Red Hat Enterprise Linux Workstation release 7.2 (Maipo)
| Command      : report_utilization -file design_1_wrapper_utilization_placed.rpt -pb design_1_wrapper_utilization_placed.pb
| Design       : design_1_wrapper
| Device       : xczu7evffvc1156-2
| Design State : Fully Placed
-----------------------------------------------------------------------------------------------------------------------------

Utilization Design Information

Table of Contents
-----------------
1. CLB Logic
1.1 Summary of Registers by Type
2. CLB Logic Distribution
3. BLOCKRAM
4. ARITHMETIC
5. I/O
6. CLOCK
7. ADVANCED
8. CONFIGURATION
9. Primitives
10. Black Boxes
11. Instantiated Netlists

1. CLB Logic
------------

+----------------------------+-------+-------+-----------+-------+
|          Site Type         |  Used | Fixed | Available | Util% |
+----------------------------+-------+-------+-----------+-------+
| CLB LUTs                   | 43210 |     0 |    230400 | 18.75 |
|   LUT as Logic             | 39140 |     0 |    230400 | 16.99 |
|   LUT as Memory            |  4070 |     0 |    101760 |  4.00 |
|     LUT as Distributed RAM |  1768 |     0 |           |       |
|     LUT as Shift Register  |  2302 |     0 |           |       |
| CLB Registers              | 64751 |     0 |    460800 | 14.05 |
|   Register as Flip Flop    | 64750 |     0 |    460800 | 14.05 |
|   Register as Latch        |     0 |     0 |    460800 |  0.00 |
|   Register as AND/OR       |     1 |     0 |    460800 | <0.01 |
| CARRY8                     |   341 |     0 |     28800 |  1.18 |
| F7 Muxes                   |  1465 |     0 |    115200 |  1.27 |
| F8 Muxes                   |   520 |     0 |     57600 |  0.90 |
| F9 Muxes                   |     0 |     0 |     28800 |  0.00 |
+----------------------------+-------+-------+-----------+-------+


1.1 Summary of Registers by Type
--------------------------------

+-------+--------------+-------------+--------------+
| Total | Clock Enable | Synchronous | Asynchronous |
+-------+--------------+-------------+--------------+
| 1     |            _ |           - |            - |
| 0     |            _ |           - |          Set |
| 0     |            _ |           - |        Reset |
| 0     |            _ |         Set |            - |
| 0     |            _ |       Reset |            - |
| 0     |          Yes |           - |            - |
| 625   |          Yes |           - |          Set |
| 890   |          Yes |           - |        Reset |
| 1780  |          Yes |         Set |            - |
| 61455 |          Yes |       Reset |            - |
+-------+--------------+-------------+--------------+


2. CLB Logic Distribution
-------------------------

+--------------------------------------------+-------+-------+-----------+-------+
|                  Site Type                 |  Used | Fixed | Available | Util% |
+--------------------------------------------+-------+-------+-----------+-------+
| CLB                                        | 10089 |     0 |     28800 | 35.03 |
|   CLBL                                     |  5192 |     0 |           |       |
|   CLBM                                     |  4897 |     0 |           |       |
| LUT as Logic                               | 39140 |     0 |    230400 | 16.99 |
|   using O5 output only                     |  1163 |       |           |       |
|   using O6 output only                     | 28366 |       |           |       |
|   using O5 and O6                          |  9611 |       |           |       |
| LUT as Memory                              |  4070 |     0 |    101760 |  4.00 |
|   LUT as Distributed RAM                   |  1768 |     0 |           |       |
|     using O5 output only                   |     0 |       |           |       |
|     using O6 output only                   |    96 |       |           |       |
|     using O5 and O6                        |  1672 |       |           |       |
|   LUT as Shift Register                    |  2302 |     0 |           |       |
|     using O5 output only                   |     0 |       |           |       |
|     using O6 output only                   |  2083 |       |           |       |
|     using O5 and O6                        |   219 |       |           |       |
| CLB Registers                              | 64751 |     0 |    460800 | 14.05 |
|   Register driven from within the CLB      | 32078 |       |           |       |
|   Register driven from outside the CLB     | 32673 |       |           |       |
|     LUT in front of the register is unused | 24153 |       |           |       |
|     LUT in front of the register is used   |  8520 |       |           |       |
| Unique Control Sets                        |  2820 |       |     57600 |  4.90 |
+--------------------------------------------+-------+-------+-----------+-------+
* Note: Available Control Sets calculated as CLB Registers / 8, Review the Control Sets Report for more information regarding control sets.


3. BLOCKRAM
-----------

+-------------------+------+-------+-----------+-------+
|     Site Type     | Used | Fixed | Available | Util% |
+-------------------+------+-------+-----------+-------+
| Block RAM Tile    |  135 |     0 |       312 | 43.27 |
|   RAMB36/FIFO*    |  127 |     0 |       312 | 40.71 |
|     FIFO36E2 only |    5 |       |           |       |
|     RAMB36E2 only |  122 |       |           |       |
|   RAMB18          |   16 |     0 |       624 |  2.56 |
|     FIFO18E2 only |    5 |       |           |       |
|     RAMB18E2 only |   11 |       |           |       |
| URAM              |   50 |     0 |        96 | 52.08 |
+-------------------+------+-------+-----------+-------+
* Note: Each Block RAM Tile only has one FIFO logic available and therefore can accommodate only one FIFO36E2 or one FIFO18E2. However, if a FIFO18E2 occupies a Block RAM Tile, that tile can still accommodate a RAMB18E2


4. ARITHMETIC
-------------

+----------------+------+-------+-----------+-------+
|    Site Type   | Used | Fixed | Available | Util% |
+----------------+------+-------+-----------+-------+
| DSPs           |    5 |     0 |      1728 |  0.29 |
|   DSP48E2 only |    5 |       |           |       |
+----------------+------+-------+-----------+-------+


5. I/O
------

+------------------+------+-------+-----------+-------+
|     Site Type    | Used | Fixed | Available | Util% |
+------------------+------+-------+-----------+-------+
| Bonded IOB       |  118 |   118 |       360 | 32.78 |
| HPIOB_M          |   63 |    63 |       144 | 43.75 |
|   INPUT          |    1 |       |           |       |
|   OUTPUT         |   14 |       |           |       |
|   BIDIR          |   48 |       |           |       |
| HPIOB_S          |   54 |    54 |       144 | 37.50 |
|   INPUT          |    1 |       |           |       |
|   OUTPUT         |   13 |       |           |       |
|   BIDIR          |   40 |       |           |       |
| HDIOB_M          |    0 |     0 |        24 |  0.00 |
| HDIOB_S          |    0 |     0 |        24 |  0.00 |
| HPIOB_SNGL       |    1 |     1 |        24 |  4.17 |
|   INPUT          |    0 |       |           |       |
|   OUTPUT         |    1 |       |           |       |
|   BIDIR          |    0 |       |           |       |
| HPIOBDIFFINBUF   |    9 |     9 |       192 |  4.69 |
|   DIFFINBUF      |    9 |     9 |           |       |
| HPIOBDIFFOUTBUF  |    0 |     0 |       192 |  0.00 |
| HDIOBDIFFINBUF   |    0 |     0 |        48 |  0.00 |
| BITSLICE_CONTROL |   22 |     0 |        64 | 34.38 |
| BITSLICE_RX_TX   |  106 |   106 |       416 | 25.48 |
|   RXTX_BITSLICE  |  106 |   106 |           |       |
| BITSLICE_TX      |   22 |     0 |        64 | 34.38 |
| RIU_OR           |   11 |     0 |        32 | 34.38 |
+------------------+------+-------+-----------+-------+


6. CLOCK
--------

+----------------------+------+-------+-----------+-------+
|       Site Type      | Used | Fixed | Available | Util% |
+----------------------+------+-------+-----------+-------+
| GLOBAL CLOCK BUFFERs |   12 |     0 |       544 |  2.21 |
|   BUFGCE             |   11 |     0 |       208 |  5.29 |
|   BUFGCE_DIV         |    0 |     0 |        32 |  0.00 |
|   BUFG_GT            |    0 |     0 |       144 |  0.00 |
|   BUFG_PS            |    1 |     0 |        96 |  1.04 |
|   BUFGCTRL*          |    0 |     0 |        64 |  0.00 |
| PLL                  |    3 |     0 |        16 | 18.75 |
| MMCM                 |    2 |     1 |         8 | 25.00 |
+----------------------+------+-------+-----------+-------+
* Note: Each used BUFGCTRL counts as two global buffer resources. This table does not include global clocking resources, only buffer cell usage. See the Clock Utilization Report (report_clock_utilization) for detailed accounting of global clocking resource availability.


7. ADVANCED
-----------

+-----------------+------+-------+-----------+--------+
|    Site Type    | Used | Fixed | Available |  Util% |
+-----------------+------+-------+-----------+--------+
| GTHE4_CHANNEL   |    0 |     0 |        20 |   0.00 |
| GTHE4_COMMON    |    0 |     0 |         5 |   0.00 |
| OBUFDS_GTE4     |    0 |     0 |        10 |   0.00 |
| OBUFDS_GTE4_ADV |    0 |     0 |        10 |   0.00 |
| PCIE40E4        |    0 |     0 |         2 |   0.00 |
| PS8             |    1 |     0 |         1 | 100.00 |
| SYSMONE4        |    0 |     0 |         1 |   0.00 |
| VCU             |    1 |     0 |         1 | 100.00 |
+-----------------+------+-------+-----------+--------+


8. CONFIGURATION
----------------

+-------------+------+-------+-----------+-------+
|  Site Type  | Used | Fixed | Available | Util% |
+-------------+------+-------+-----------+-------+
| BSCANE2     |    1 |     0 |         4 | 25.00 |
| DNA_PORTE2  |    0 |     0 |         1 |  0.00 |
| EFUSE_USR   |    0 |     0 |         1 |  0.00 |
| FRAME_ECCE4 |    0 |     0 |         1 |  0.00 |
| ICAPE3      |    0 |     0 |         2 |  0.00 |
| MASTER_JTAG |    0 |     0 |         1 |  0.00 |
| STARTUPE3   |    0 |     0 |         1 |  0.00 |
+-------------+------+-------+-----------+-------+


9. Primitives
-------------

+------------------+-------+---------------------+
|     Ref Name     |  Used | Functional Category |
+------------------+-------+---------------------+
| FDRE             | 61455 |            Register |
| LUT6             | 13912 |                 CLB |
| LUT3             | 13375 |                 CLB |
| LUT5             |  9525 |                 CLB |
| LUT4             |  7264 |                 CLB |
| LUT2             |  3627 |                 CLB |
| RAMD32           |  2880 |                 CLB |
| SRL16E           |  1945 |                 CLB |
| FDSE             |  1780 |            Register |
| MUXF7            |  1465 |                 CLB |
| LUT1             |  1048 |                 CLB |
| FDCE             |   890 |            Register |
| FDPE             |   625 |            Register |
| SRLC32E          |   576 |                 CLB |
| MUXF8            |   520 |                 CLB |
| RAMS32           |   464 |                 CLB |
| CARRY8           |   341 |                 CLB |
| RAMB36E2         |   122 |           Block Ram |
| RXTX_BITSLICE    |   106 |                 I/O |
| RAMD64E          |    96 |                 CLB |
| IBUFCTRL         |    81 |              Others |
| OBUFT_DCIEN      |    72 |                 I/O |
| INBUF            |    72 |                 I/O |
| URAM288          |    50 |           Block Ram |
| OBUF             |    28 |                 I/O |
| TX_BITSLICE_TRI  |    22 |                 I/O |
| BITSLICE_CONTROL |    22 |                 I/O |
| OBUFT            |    16 |                 I/O |
| RIU_OR           |    11 |                 I/O |
| RAMB18E2         |    11 |           Block Ram |
| BUFGCE           |    11 |               Clock |
| INV              |     9 |                 CLB |
| DIFFINBUF        |     9 |                 I/O |
| HPIO_VREF        |     8 |                 I/O |
| FIFO36E2         |     5 |           Block Ram |
| FIFO18E2         |     5 |           Block Ram |
| DSP48E2          |     5 |          Arithmetic |
| PLLE4_ADV        |     3 |               Clock |
| MMCME4_ADV       |     2 |               Clock |
| VCU              |     1 |            Advanced |
| PS8              |     1 |            Advanced |
| BUFG_PS          |     1 |               Clock |
| BSCANE2          |     1 |       Configuration |
| AND2B1L          |     1 |              Others |
+------------------+-------+---------------------+


10. Black Boxes
---------------

+---------------------------------------------------------------------+------+
|                               Ref Name                              | Used |
+---------------------------------------------------------------------+------+
| design_1_vcu_ddr4_controller_0_0_RateMeasurement__parameterized0__7 |    1 |
| design_1_vcu_ddr4_controller_0_0_RateMeasurement__parameterized0__6 |    1 |
| design_1_vcu_ddr4_controller_0_0_RateMeasurement__parameterized0__5 |    1 |
| design_1_vcu_ddr4_controller_0_0_RateMeasurement__parameterized0__4 |    1 |
| design_1_vcu_ddr4_controller_0_0_RateMeasurement__parameterized0__3 |    1 |
| design_1_vcu_ddr4_controller_0_0_RateMeasurement__parameterized0__2 |    1 |
| design_1_vcu_ddr4_controller_0_0_RateMeasurement__parameterized0__1 |    1 |
| design_1_vcu_ddr4_controller_0_0_RateMeasurement__parameterized0    |    1 |
| design_1_vcu_ddr4_controller_0_0_RateMeasurement__55                |    1 |
| design_1_vcu_ddr4_controller_0_0_RateMeasurement__54                |    1 |
| design_1_vcu_ddr4_controller_0_0_RateMeasurement__53                |    1 |
| design_1_vcu_ddr4_controller_0_0_RateMeasurement__52                |    1 |
| design_1_vcu_ddr4_controller_0_0_RateMeasurement__51                |    1 |
| design_1_vcu_ddr4_controller_0_0_RateMeasurement__50                |    1 |
| design_1_vcu_ddr4_controller_0_0_RateMeasurement__49                |    1 |
| design_1_vcu_ddr4_controller_0_0_RateMeasurement_482                |    1 |
| design_1_vcu_ddr4_controller_0_0_RateMeasurement_481                |    1 |
| design_1_vcu_ddr4_controller_0_0_RateMeasurement_480                |    1 |
| design_1_vcu_ddr4_controller_0_0_RateMeasurement_470                |    1 |
| design_1_vcu_ddr4_controller_0_0_RateMeasurement_469                |    1 |
| design_1_vcu_ddr4_controller_0_0_RateMeasurement_468                |    1 |
| design_1_vcu_ddr4_controller_0_0_RateMeasurement_461                |    1 |
| design_1_vcu_ddr4_controller_0_0_RateMeasurement_460                |    1 |
| design_1_vcu_ddr4_controller_0_0_RateMeasurement_459                |    1 |
| design_1_vcu_ddr4_controller_0_0_RateMeasurement_449                |    1 |
| design_1_vcu_ddr4_controller_0_0_RateMeasurement_448                |    1 |
| design_1_vcu_ddr4_controller_0_0_RateMeasurement_447                |    1 |
| design_1_vcu_ddr4_controller_0_0_RateMeasurement_336                |    1 |
| design_1_vcu_ddr4_controller_0_0_RateMeasurement_335                |    1 |
| design_1_vcu_ddr4_controller_0_0_RateMeasurement_334                |    1 |
| design_1_vcu_ddr4_controller_0_0_RateMeasurement_324                |    1 |
| design_1_vcu_ddr4_controller_0_0_RateMeasurement_323                |    1 |
| design_1_vcu_ddr4_controller_0_0_RateMeasurement_322                |    1 |
| design_1_vcu_ddr4_controller_0_0_RateMeasurement_315                |    1 |
| design_1_vcu_ddr4_controller_0_0_RateMeasurement_314                |    1 |
| design_1_vcu_ddr4_controller_0_0_RateMeasurement_313                |    1 |
| design_1_vcu_ddr4_controller_0_0_RateMeasurement_303                |    1 |
| design_1_vcu_ddr4_controller_0_0_RateMeasurement_302                |    1 |
| design_1_vcu_ddr4_controller_0_0_RateMeasurement_301                |    1 |
| design_1_vcu_ddr4_controller_0_0_RateMeasurement_2190               |    1 |
| design_1_vcu_ddr4_controller_0_0_RateMeasurement_2189               |    1 |
| design_1_vcu_ddr4_controller_0_0_RateMeasurement_2188               |    1 |
| design_1_vcu_ddr4_controller_0_0_RateMeasurement_2178               |    1 |
| design_1_vcu_ddr4_controller_0_0_RateMeasurement_2177               |    1 |
| design_1_vcu_ddr4_controller_0_0_RateMeasurement_2176               |    1 |
| design_1_vcu_ddr4_controller_0_0_RateMeasurement_2169               |    1 |
| design_1_vcu_ddr4_controller_0_0_RateMeasurement_2168               |    1 |
| design_1_vcu_ddr4_controller_0_0_RateMeasurement_2167               |    1 |
| design_1_vcu_ddr4_controller_0_0_RateMeasurement_2157               |    1 |
| design_1_vcu_ddr4_controller_0_0_RateMeasurement_2156               |    1 |
| design_1_vcu_ddr4_controller_0_0_RateMeasurement_2155               |    1 |
| design_1_vcu_ddr4_controller_0_0_RateMeasurement_2060               |    1 |
| design_1_vcu_ddr4_controller_0_0_RateMeasurement_2059               |    1 |
| design_1_vcu_ddr4_controller_0_0_RateMeasurement_2058               |    1 |
| design_1_vcu_ddr4_controller_0_0_RateMeasurement_2048               |    1 |
| design_1_vcu_ddr4_controller_0_0_RateMeasurement_2047               |    1 |
| design_1_vcu_ddr4_controller_0_0_RateMeasurement_2046               |    1 |
| design_1_vcu_ddr4_controller_0_0_RateMeasurement_2039               |    1 |
| design_1_vcu_ddr4_controller_0_0_RateMeasurement_2038               |    1 |
| design_1_vcu_ddr4_controller_0_0_RateMeasurement_2037               |    1 |
| design_1_vcu_ddr4_controller_0_0_RateMeasurement_2027               |    1 |
| design_1_vcu_ddr4_controller_0_0_RateMeasurement_2026               |    1 |
| design_1_vcu_ddr4_controller_0_0_RateMeasurement_2025               |    1 |
| design_1_vcu_ddr4_controller_0_0_RateMeasurement                    |    1 |
+---------------------------------------------------------------------+------+


11. Instantiated Netlists
-------------------------

+----------------------------------+------+
|             Ref Name             | Used |
+----------------------------------+------+
| design_1_zynq_ultra_ps_e_0_0     |    1 |
| design_1_xbar_4                  |    1 |
| design_1_xbar_3                  |    1 |
| design_1_xbar_2                  |    1 |
| design_1_xbar_1                  |    1 |
| design_1_xbar_0                  |    1 |
| design_1_vcu_ddr4_controller_0_0 |    1 |
| design_1_vcu_0_0                 |    1 |
| design_1_v_frmbuf_wr_0_0         |    1 |
| design_1_v_frmbuf_rd_0_0         |    1 |
| design_1_s01_regslice_0          |    1 |
| design_1_s00_regslice_7          |    1 |
| design_1_s00_regslice_6          |    1 |
| design_1_s00_regslice_5          |    1 |
| design_1_s00_regslice_4          |    1 |
| design_1_s00_regslice_3          |    1 |
| design_1_s00_regslice_2          |    1 |
| design_1_s00_regslice_1          |    1 |
| design_1_s00_regslice_0          |    1 |
| design_1_s00_mmu_3               |    1 |
| design_1_s00_mmu_2               |    1 |
| design_1_s00_mmu_1               |    1 |
| design_1_s00_mmu_0               |    1 |
| design_1_proc_sys_reset_3_0      |    1 |
| design_1_proc_sys_reset_2_0      |    1 |
| design_1_proc_sys_reset_1_0      |    1 |
| design_1_m01_regslice_2          |    1 |
| design_1_m01_regslice_1          |    1 |
| design_1_m01_regslice_0          |    1 |
| design_1_m00_regslice_3          |    1 |
| design_1_m00_regslice_2          |    1 |
| design_1_m00_regslice_1          |    1 |
| design_1_m00_regslice_0          |    1 |
| design_1_clk_wiz_0_0             |    1 |
| design_1_auto_us_0               |    1 |
| design_1_auto_rs_w_0             |    1 |
| design_1_auto_pc_0               |    1 |
| design_1_auto_ds_0               |    1 |
| design_1_auto_cc_6               |    1 |
| design_1_auto_cc_5               |    1 |
| design_1_auto_cc_4               |    1 |
| design_1_auto_cc_3               |    1 |
| design_1_auto_cc_2               |    1 |
| design_1_auto_cc_1               |    1 |
| design_1_auto_cc_0               |    1 |
| ddr4_0_phy                       |    1 |
| dbg_hub                          |    1 |
+----------------------------------+------+


